CAIRO_1.0 {
    global:
        cairo_arc;
        cairo_clip;
        cairo_clip_extents;
        cairo_close_path;
        cairo_create;
        cairo_destroy;
        cairo_font_extents;
        cairo_font_options_create;
        cairo_font_options_destroy;
        cairo_font_options_set_antialias;
        cairo_get_font_options;
        cairo_get_source;
        cairo_image_surface_create;
        cairo_image_surface_create_for_data;
        cairo_image_surface_create_from_png;
        cairo_image_surface_get_data;
        cairo_image_surface_get_height;
        cairo_image_surface_get_width;
        cairo_mask;
        cairo_mask_surface;
        cairo_matrix_init_scale;
        cairo_matrix_translate;
        cairo_move_to;
        cairo_new_path;
        cairo_paint;
        cairo_paint_with_alpha;
        cairo_pattern_add_color_stop_rgb;
        cairo_pattern_create_for_surface;
        cairo_pattern_create_linear;
        cairo_pattern_destroy;
        cairo_pattern_set_extend;
        cairo_pattern_set_matrix;
        cairo_rectangle;
        cairo_reset_clip;
        cairo_restore;
        cairo_save;
        cairo_scale;
        cairo_select_font_face;
        cairo_set_font_options;
        cairo_set_font_size;
        cairo_set_operator;
        cairo_set_source;
        cairo_set_source_rgb;
        cairo_set_source_rgba;
        cairo_set_source_surface;
        cairo_show_text;
        cairo_surface_destroy;
        cairo_surface_flush;
        cairo_surface_get_user_data;
        cairo_surface_reference;
        cairo_surface_set_user_data;
        cairo_text_extents;
        cairo_translate;
    local:
        *;
};
