OPENSSL_3.0.0 {
    global:
        ASN1_BOOLEAN_it;
        ASN1_INTEGER_free;
        ASN1_INTEGER_get;
        ASN1_INTEGER_it;
        ASN1_INTEGER_to_BN;
        ASN1_OBJECT_it;
        ASN1_OCTET_STRING_it;
        ASN1_STRING_set;
        ASN1_TIME_it;
        ASN1_get_object;
        ASN1_i2d_bio;
        ASN1_item_d2i;
        ASN1_item_free;
        ASN1_item_i2d;
        ASN1_item_new;
        BIO_free;
        BIO_free_all;
        BIO_new;
        BIO_new_file;
        BIO_new_fp;
        BIO_s_mem;
        BN_bin2bn;
        BN_bn2bin;
        BN_bn2binpad;
        BN_free;
        BN_get_word;
        BN_is_negative;
        BN_new;
        BN_num_bits;
        BN_set_word;
        BN_to_ASN1_INTEGER;
        CRYPTO_free;
        CRYPTO_strdup;
        ECDSA_SIG_free;
        ECDSA_SIG_new;
        ECDSA_SIG_set0;
        EC_GROUP_free;
        EC_GROUP_new_by_curve_name;
        EC_POINT_free;
        EC_POINT_get_affine_coordinates;
        EC_POINT_is_on_curve;
        EC_POINT_mul;
        EC_POINT_new;
        EC_POINT_point2buf;
        EC_POINT_set_affine_coordinates;
        ERR_error_string;
        ERR_error_string_n;
        ERR_get_error;
        ERR_print_errors_fp;
        EVP_CIPHER_CTX_free;
        EVP_CIPHER_CTX_new;
        EVP_CIPHER_CTX_set_padding;
        EVP_CIPHER_get_iv_length;
        EVP_DecryptFinal;
        EVP_DecryptInit;
        EVP_DecryptUpdate;
        EVP_Digest;
        EVP_DigestFinal;
        EVP_DigestFinal_ex;
        EVP_DigestInit;
        EVP_DigestInit_ex;
        EVP_DigestSignFinal;
        EVP_DigestSignInit;
        EVP_DigestSignUpdate;
        EVP_DigestUpdate;
        EVP_EncryptFinal;
        EVP_EncryptFinal_ex;
        EVP_EncryptInit;
        EVP_EncryptInit_ex;
        EVP_EncryptUpdate;
        EVP_MAC_CTX_free;
        EVP_MAC_CTX_new;
        EVP_MAC_fetch;
        EVP_MAC_final;
        EVP_MAC_free;
        EVP_MAC_init;
        EVP_MAC_update;
        EVP_MD_CTX_free;
        EVP_MD_CTX_new;
        EVP_MD_fetch;
        EVP_MD_free;
        EVP_MD_get0_name;
        EVP_MD_get_size;
        EVP_PKEY_CTX_free;
        EVP_PKEY_CTX_new;
        EVP_PKEY_CTX_new_from_name;
        EVP_PKEY_CTX_new_id;
        EVP_PKEY_CTX_set0_rsa_oaep_label;
        EVP_PKEY_CTX_set_ec_paramgen_curve_nid;
        EVP_PKEY_CTX_set_rsa_oaep_md;
        EVP_PKEY_CTX_set_rsa_padding;
        EVP_PKEY_CTX_set_signature_md;
        EVP_PKEY_derive;
        EVP_PKEY_derive_init;
        EVP_PKEY_derive_set_peer;
        EVP_PKEY_encrypt;
        EVP_PKEY_encrypt_init;
        EVP_PKEY_free;
        EVP_PKEY_fromdata;
        EVP_PKEY_fromdata_init;
        EVP_PKEY_get_base_id;
        EVP_PKEY_get_bits;
        EVP_PKEY_get_bn_param;
        EVP_PKEY_get_utf8_string_param;
        EVP_PKEY_keygen;
        EVP_PKEY_keygen_init;
        EVP_PKEY_new_raw_private_key;
        EVP_PKEY_verify;
        EVP_PKEY_verify_init;
        EVP_aes_128_cfb128;
        EVP_aes_192_cfb128;
        EVP_aes_256_cfb128;
        EVP_sha1;
        EVP_sha256;
        EVP_sha384;
        EVP_sha512;
        EVP_sm3;
        HMAC;
        OBJ_nid2sn;
        OBJ_txt2nid;
        OBJ_txt2obj;
        OSSL_LIB_CTX_free;
        OSSL_LIB_CTX_new;
        OSSL_PARAM_BLD_free;
        OSSL_PARAM_BLD_new;
        OSSL_PARAM_BLD_push_BN;
        OSSL_PARAM_BLD_push_octet_string;
        OSSL_PARAM_BLD_push_uint32;
        OSSL_PARAM_BLD_push_utf8_string;
        OSSL_PARAM_BLD_to_param;
        OSSL_PARAM_construct_end;
        OSSL_PARAM_construct_utf8_string;
        OSSL_PARAM_free;
        PEM_ASN1_read_bio;
        PEM_ASN1_write_bio;
        PEM_read_PUBKEY;
        PEM_read_PrivateKey;
        PEM_read_bio_PUBKEY;
        PEM_write_bio_PUBKEY;
        RAND_bytes;
        RAND_bytes_ex;
        X509V3_EXT_conf_nid;
        X509_ALGOR_it;
        X509_EXTENSION_free;
        X509_EXTENSION_it;
        X509_NAME_add_entry_by_txt;
        X509_NAME_it;
        X509_gmtime_adj;
        X509v3_add_ext;
        d2i_ASN1_INTEGER;
        i2d_ECDSA_SIG;
        i2d_PUBKEY_bio;
    local:
        *;
};
