PIXMAN_1.0 {
    global:
        pixman_add_triangles;
        pixman_blt;
        pixman_composite_glyphs;
        pixman_composite_glyphs_no_mask;
        pixman_fill;
        pixman_format_supported_destination;
        pixman_glyph_cache_create;
        pixman_glyph_cache_freeze;
        pixman_glyph_cache_insert;
        pixman_glyph_cache_lookup;
        pixman_glyph_cache_remove;
        pixman_glyph_cache_thaw;
        pixman_glyph_get_mask_format;
        pixman_image_composite32;
        pixman_image_create_bits;
        pixman_image_create_linear_gradient;
        pixman_image_create_radial_gradient;
        pixman_image_create_solid_fill;
        pixman_image_get_data;
        pixman_image_get_depth;
        pixman_image_get_height;
        pixman_image_get_stride;
        pixman_image_get_width;
        pixman_image_ref;
        pixman_image_set_clip_region32;
        pixman_image_set_component_alpha;
        pixman_image_set_destroy_function;
        pixman_image_set_filter;
        pixman_image_set_repeat;
        pixman_image_set_transform;
        pixman_image_unref;
        pixman_rasterize_trapezoid;
        pixman_region32_contains_point;
        pixman_region32_contains_rectangle;
        pixman_region32_copy;
        pixman_region32_equal;
        pixman_region32_extents;
        pixman_region32_fini;
        pixman_region32_init;
        pixman_region32_init_rect;
        pixman_region32_init_rects;
        pixman_region32_intersect;
        pixman_region32_n_rects;
        pixman_region32_not_empty;
        pixman_region32_rectangles;
        pixman_region32_subtract;
        pixman_region32_translate;
        pixman_region32_union;
        pixman_transform_point_3d;
    local:
        *;
};
